Archive member included because of file (symbol)

c:/program files (x86)/gnu tools arm embedded/4.6 2012q2/bin/../lib/gcc/arm-none-eabi/4.6.2/armv6-m\libgcc.a(_udivsi3.o)
                              ..\obj\stm32f0xx_rcc.o (__aeabi_uidiv)
c:/program files (x86)/gnu tools arm embedded/4.6 2012q2/bin/../lib/gcc/arm-none-eabi/4.6.2/armv6-m\libgcc.a(_divsi3.o)
                              ..\obj\common.o (__aeabi_idiv)
c:/program files (x86)/gnu tools arm embedded/4.6 2012q2/bin/../lib/gcc/arm-none-eabi/4.6.2/armv6-m\libgcc.a(_dvmd_tls.o)
                              c:/program files (x86)/gnu tools arm embedded/4.6 2012q2/bin/../lib/gcc/arm-none-eabi/4.6.2/armv6-m\libgcc.a(_udivsi3.o) (__aeabi_idiv0)

Allocating common symbols
Common symbol       size              file

timer               0x4               ..\obj\main.o
LCD_UpdateTimer     0x4               ..\obj\hd44780.o
sysTicks            0x4               ..\obj\common.o

Discarded input sections

 .text          0x00000000        0x0 ..\obj\string.o
 .data          0x00000000        0x0 ..\obj\string.o
 .bss           0x00000000        0xc ..\obj\string.o
 .text.Strcpy   0x00000000       0x40 ..\obj\string.o
 .text.Strrev   0x00000000       0x98 ..\obj\string.o
 .text.Strncmp  0x00000000       0x64 ..\obj\string.o
 .text          0x00000000        0x0 ..\obj\stm32f0xx_rcc.o
 .data          0x00000000       0x10 ..\obj\stm32f0xx_rcc.o
 .bss           0x00000000        0x0 ..\obj\stm32f0xx_rcc.o
 .text.RCC_DeInit
                0x00000000       0x90 ..\obj\stm32f0xx_rcc.o
 .text.RCC_HSEConfig
                0x00000000       0x24 ..\obj\stm32f0xx_rcc.o
 .text.RCC_WaitForHSEStartUp
                0x00000000       0x60 ..\obj\stm32f0xx_rcc.o
 .text.RCC_AdjustHSICalibrationValue
                0x00000000       0x3c ..\obj\stm32f0xx_rcc.o
 .text.RCC_HSICmd
                0x00000000       0x38 ..\obj\stm32f0xx_rcc.o
 .text.RCC_AdjustHSI14CalibrationValue
                0x00000000       0x3c ..\obj\stm32f0xx_rcc.o
 .text.RCC_HSI14Cmd
                0x00000000       0x38 ..\obj\stm32f0xx_rcc.o
 .text.RCC_HSI14ADCRequestCmd
                0x00000000       0x38 ..\obj\stm32f0xx_rcc.o
 .text.RCC_LSEConfig
                0x00000000       0x38 ..\obj\stm32f0xx_rcc.o
 .text.RCC_LSEDriveConfig
                0x00000000       0x2c ..\obj\stm32f0xx_rcc.o
 .text.RCC_LSICmd
                0x00000000       0x38 ..\obj\stm32f0xx_rcc.o
 .text.RCC_PLLConfig
                0x00000000       0x38 ..\obj\stm32f0xx_rcc.o
 .text.RCC_PLLCmd
                0x00000000       0x40 ..\obj\stm32f0xx_rcc.o
 .text.RCC_PREDIV1Config
                0x00000000       0x34 ..\obj\stm32f0xx_rcc.o
 .text.RCC_ClockSecuritySystemCmd
                0x00000000       0x40 ..\obj\stm32f0xx_rcc.o
 .text.RCC_MCOConfig
                0x00000000       0x20 ..\obj\stm32f0xx_rcc.o
 .text.RCC_SYSCLKConfig
                0x00000000       0x34 ..\obj\stm32f0xx_rcc.o
 .text.RCC_GetSYSCLKSource
                0x00000000       0x1c ..\obj\stm32f0xx_rcc.o
 .text.RCC_HCLKConfig
                0x00000000       0x34 ..\obj\stm32f0xx_rcc.o
 .text.RCC_PCLKConfig
                0x00000000       0x38 ..\obj\stm32f0xx_rcc.o
 .text.RCC_ADCCLKConfig
                0x00000000       0x58 ..\obj\stm32f0xx_rcc.o
 .text.RCC_CECCLKConfig
                0x00000000       0x2c ..\obj\stm32f0xx_rcc.o
 .text.RCC_I2CCLKConfig
                0x00000000       0x2c ..\obj\stm32f0xx_rcc.o
 .text.RCC_USARTCLKConfig
                0x00000000       0x2c ..\obj\stm32f0xx_rcc.o
 .text.RCC_GetClocksFreq
                0x00000000      0x1e8 ..\obj\stm32f0xx_rcc.o
 .text.RCC_RTCCLKConfig
                0x00000000       0x20 ..\obj\stm32f0xx_rcc.o
 .text.RCC_RTCCLKCmd
                0x00000000       0x40 ..\obj\stm32f0xx_rcc.o
 .text.RCC_BackupResetCmd
                0x00000000       0x40 ..\obj\stm32f0xx_rcc.o
 .text.RCC_APB1PeriphClockCmd
                0x00000000       0x40 ..\obj\stm32f0xx_rcc.o
 .text.RCC_AHBPeriphResetCmd
                0x00000000       0x40 ..\obj\stm32f0xx_rcc.o
 .text.RCC_APB2PeriphResetCmd
                0x00000000       0x40 ..\obj\stm32f0xx_rcc.o
 .text.RCC_APB1PeriphResetCmd
                0x00000000       0x40 ..\obj\stm32f0xx_rcc.o
 .text.RCC_ITConfig
                0x00000000       0x50 ..\obj\stm32f0xx_rcc.o
 .text.RCC_GetFlagStatus
                0x00000000       0x9c ..\obj\stm32f0xx_rcc.o
 .text.RCC_ClearFlag
                0x00000000       0x1c ..\obj\stm32f0xx_rcc.o
 .text.RCC_GetITStatus
                0x00000000       0x44 ..\obj\stm32f0xx_rcc.o
 .text.RCC_ClearITPendingBit
                0x00000000       0x20 ..\obj\stm32f0xx_rcc.o
 .text          0x00000000        0x0 ..\obj\common.o
 .data          0x00000000        0x0 ..\obj\common.o
 .text.GPIO_ToggleBit
                0x00000000       0x3c ..\obj\common.o
 .text          0x00000000        0x0 ..\obj\main.o
 .text          0x00000000       0x14 ..\obj\startup_stm32f0xx.o
 .data          0x00000000        0x0 ..\obj\startup_stm32f0xx.o
 .bss           0x00000000        0x0 ..\obj\startup_stm32f0xx.o
 .text          0x00000000        0x0 ..\obj\menu_txt.o
 .data          0x00000000        0x8 ..\obj\menu_txt.o
 .bss           0x00000000        0x0 ..\obj\menu_txt.o
 .rodata        0x00000000       0x20 ..\obj\menu_txt.o
 .text.getText  0x00000000       0x24 ..\obj\menu_txt.o
 .text          0x00000000        0x0 ..\obj\hd44780.o
 .data          0x00000000        0x0 ..\obj\hd44780.o
 .text.LCD_Home
                0x00000000       0x10 ..\obj\hd44780.o
 .text.LCD_Shift
                0x00000000       0x10 ..\obj\hd44780.o
 .text          0x00000000        0x0 ..\obj\stdio.o
 .data          0x00000000        0x0 ..\obj\stdio.o
 .bss           0x00000000        0xc ..\obj\stdio.o
 .text.Itoa     0x00000000       0xd0 ..\obj\stdio.o
 .text          0x00000000        0x0 ..\obj\menu.o
 .data          0x00000000        0x0 ..\obj\menu.o
 .text          0x00000000        0x0 ..\obj\stm32f0xx_gpio.o
 .data          0x00000000        0x0 ..\obj\stm32f0xx_gpio.o
 .bss           0x00000000        0x0 ..\obj\stm32f0xx_gpio.o
 .text.GPIO_DeInit
                0x00000000       0xc8 ..\obj\stm32f0xx_gpio.o
 .text.GPIO_StructInit
                0x00000000       0x30 ..\obj\stm32f0xx_gpio.o
 .text.GPIO_PinLockConfig
                0x00000000       0x44 ..\obj\stm32f0xx_gpio.o
 .text.GPIO_ReadInputData
                0x00000000       0x18 ..\obj\stm32f0xx_gpio.o
 .text.GPIO_ReadOutputDataBit
                0x00000000       0x48 ..\obj\stm32f0xx_gpio.o
 .text.GPIO_ReadOutputData
                0x00000000       0x18 ..\obj\stm32f0xx_gpio.o
 .text.GPIO_WriteBit
                0x00000000       0x30 ..\obj\stm32f0xx_gpio.o
 .text.GPIO_Write
                0x00000000       0x1c ..\obj\stm32f0xx_gpio.o
 .text.GPIO_PinAFConfig
                0x00000000       0x9c ..\obj\stm32f0xx_gpio.o
 .text          0x00000000        0x0 ..\obj\system_stm32f0xx.o
 .data          0x00000000       0x14 ..\obj\system_stm32f0xx.o
 .bss           0x00000000        0x0 ..\obj\system_stm32f0xx.o
 .text.SystemCoreClockUpdate
                0x00000000       0xdc ..\obj\system_stm32f0xx.o
 .text          0x00000000        0x0 ..\obj\stm32f0xx_exti.o
 .data          0x00000000        0x0 ..\obj\stm32f0xx_exti.o
 .bss           0x00000000        0x0 ..\obj\stm32f0xx_exti.o
 .text.EXTI_DeInit
                0x00000000       0x34 ..\obj\stm32f0xx_exti.o
 .text.EXTI_StructInit
                0x00000000       0x28 ..\obj\stm32f0xx_exti.o
 .text.EXTI_GenerateSWInterrupt
                0x00000000       0x20 ..\obj\stm32f0xx_exti.o
 .text.EXTI_GetITStatus
                0x00000000       0x54 ..\obj\stm32f0xx_exti.o
 .text.EXTI_ClearITPendingBit
                0x00000000       0x18 ..\obj\stm32f0xx_exti.o
 .text          0x00000000        0x0 ..\obj\stm32f0xx_syscfg.o
 .data          0x00000000        0x0 ..\obj\stm32f0xx_syscfg.o
 .bss           0x00000000        0x0 ..\obj\stm32f0xx_syscfg.o
 .text.SYSCFG_DeInit
                0x00000000       0x40 ..\obj\stm32f0xx_syscfg.o
 .text.SYSCFG_MemoryRemapConfig
                0x00000000       0x34 ..\obj\stm32f0xx_syscfg.o
 .text.SYSCFG_DMAChannelRemapConfig
                0x00000000       0x40 ..\obj\stm32f0xx_syscfg.o
 .text.SYSCFG_I2CFastModePlusConfig
                0x00000000       0x40 ..\obj\stm32f0xx_syscfg.o
 .text.SYSCFG_BreakConfig
                0x00000000       0x20 ..\obj\stm32f0xx_syscfg.o
 .text.SYSCFG_GetFlagStatus
                0x00000000       0x44 ..\obj\stm32f0xx_syscfg.o
 .text.SYSCFG_ClearFlag
                0x00000000       0x20 ..\obj\stm32f0xx_syscfg.o
 .text          0x00000000        0x0 ..\obj\stm32f0_discovery.o
 .bss           0x00000000        0x0 ..\obj\stm32f0_discovery.o
 .text.STM_EVAL_LEDOn
                0x00000000       0x30 ..\obj\stm32f0_discovery.o
 .text.STM_EVAL_LEDOff
                0x00000000       0x30 ..\obj\stm32f0_discovery.o
 .text.STM_EVAL_PBGetState
                0x00000000       0x3c ..\obj\stm32f0_discovery.o
 .text          0x00000000        0x0 ..\obj\stm32f0xx_misc.o
 .data          0x00000000        0x0 ..\obj\stm32f0xx_misc.o
 .bss           0x00000000        0x0 ..\obj\stm32f0xx_misc.o
 .text.NVIC_SystemLPConfig
                0x00000000       0x48 ..\obj\stm32f0xx_misc.o
 .text.SysTick_CLKSourceConfig
                0x00000000       0x34 ..\obj\stm32f0xx_misc.o
 .text          0x00000000        0x0 ..\obj\core_cm0.o
 .data          0x00000000        0x0 ..\obj\core_cm0.o
 .bss           0x00000000        0x0 ..\obj\core_cm0.o
 .text.__get_PSP
                0x00000000       0x10 ..\obj\core_cm0.o
 .text.__set_PSP
                0x00000000        0x8 ..\obj\core_cm0.o
 .text.__get_MSP
                0x00000000       0x10 ..\obj\core_cm0.o
 .text.__set_MSP
                0x00000000        0x8 ..\obj\core_cm0.o
 .text.__get_PRIMASK
                0x00000000       0x1c ..\obj\core_cm0.o
 .text.__set_PRIMASK
                0x00000000       0x14 ..\obj\core_cm0.o
 .text.__get_CONTROL
                0x00000000       0x1c ..\obj\core_cm0.o
 .text.__set_CONTROL
                0x00000000       0x14 ..\obj\core_cm0.o
 .text.__REV    0x00000000       0x1c ..\obj\core_cm0.o
 .text.__REV16  0x00000000       0x24 ..\obj\core_cm0.o
 .text.__REVSH  0x00000000       0x24 ..\obj\core_cm0.o
 .text          0x00000000       0x9c c:/program files (x86)/gnu tools arm embedded/4.6 2012q2/bin/../lib/gcc/arm-none-eabi/4.6.2/armv6-m\libgcc.a(_udivsi3.o)
 .data          0x00000000        0x0 c:/program files (x86)/gnu tools arm embedded/4.6 2012q2/bin/../lib/gcc/arm-none-eabi/4.6.2/armv6-m\libgcc.a(_udivsi3.o)
 .bss           0x00000000        0x0 c:/program files (x86)/gnu tools arm embedded/4.6 2012q2/bin/../lib/gcc/arm-none-eabi/4.6.2/armv6-m\libgcc.a(_udivsi3.o)
 .data          0x00000000        0x0 c:/program files (x86)/gnu tools arm embedded/4.6 2012q2/bin/../lib/gcc/arm-none-eabi/4.6.2/armv6-m\libgcc.a(_divsi3.o)
 .bss           0x00000000        0x0 c:/program files (x86)/gnu tools arm embedded/4.6 2012q2/bin/../lib/gcc/arm-none-eabi/4.6.2/armv6-m\libgcc.a(_divsi3.o)
 .data          0x00000000        0x0 c:/program files (x86)/gnu tools arm embedded/4.6 2012q2/bin/../lib/gcc/arm-none-eabi/4.6.2/armv6-m\libgcc.a(_dvmd_tls.o)
 .bss           0x00000000        0x0 c:/program files (x86)/gnu tools arm embedded/4.6 2012q2/bin/../lib/gcc/arm-none-eabi/4.6.2/armv6-m\libgcc.a(_dvmd_tls.o)

Memory Configuration

Name             Origin             Length             Attributes
rom              0x08000000         0x00010000         xr
ram              0x20000000         0x00002000         xrw
*default*        0x00000000         0xffffffff

Linker script and memory map

                0x20002000                _eram = 0x20002000

.text           0x08000000     0x13dc
 *(.isr_vector .isr_vector.*)
 .isr_vector    0x08000000       0xc4 ..\obj\startup_stm32f0xx.o
                0x08000000                g_pfnVectors
 *(.text .text.* .gnu.linkonce.t.*)
 .text.Strlen   0x080000c4       0x44 ..\obj\string.o
                0x080000c4                Strlen
 .text.RCC_AHBPeriphClockCmd
                0x08000108       0x40 ..\obj\stm32f0xx_rcc.o
                0x08000108                RCC_AHBPeriphClockCmd
 .text.RCC_APB2PeriphClockCmd
                0x08000148       0x40 ..\obj\stm32f0xx_rcc.o
                0x08000148                RCC_APB2PeriphClockCmd
 .text.NVIC_SetPriority
                0x08000188       0xe0 ..\obj\common.o
 .text.SysTick_Config
                0x08000268       0x4c ..\obj\common.o
 .text.SysTickInit
                0x080002b4       0x54 ..\obj\common.o
                0x080002b4                SysTickInit
 .text._delay_ms
                0x08000308       0x54 ..\obj\common.o
                0x08000308                _delay_ms
 .text.SysTick_Handler
                0x0800035c       0x18 ..\obj\common.o
                0x0800035c                SysTick_Handler
 .text.main     0x08000374       0x2c ..\obj\main.o
                0x08000374                main
 .text.SendText
                0x080003a0       0x5c ..\obj\main.o
                0x080003a0                SendText
 .text.Reset_Handler
                0x080003fc       0x44 ..\obj\startup_stm32f0xx.o
                0x080003fc                Reset_Handler
 .text.Default_Handler
                0x08000440        0x2 ..\obj\startup_stm32f0xx.o
                0x08000440                TIM1_CC_IRQHandler
                0x08000440                HardFault_Handler
                0x08000440                ADC1_COMP_IRQHandler
                0x08000440                PVD_IRQHandler
                0x08000440                PendSV_Handler
                0x08000440                NMI_Handler
                0x08000440                I2C1_IRQHandler
                0x08000440                SPI1_IRQHandler
                0x08000440                TIM6_DAC_IRQHandler
                0x08000440                EXTI2_3_IRQHandler
                0x08000440                I2C2_IRQHandler
                0x08000440                TIM17_IRQHandler
                0x08000440                RTC_IRQHandler
                0x08000440                TIM16_IRQHandler
                0x08000440                TIM3_IRQHandler
                0x08000440                EXTI4_15_IRQHandler
                0x08000440                RCC_IRQHandler
                0x08000440                DMA1_Channel1_IRQHandler
                0x08000440                Default_Handler
                0x08000440                CEC_IRQHandler
                0x08000440                TIM14_IRQHandler
                0x08000440                DMA1_Channel4_5_IRQHandler
                0x08000440                TIM15_IRQHandler
                0x08000440                SPI2_IRQHandler
                0x08000440                SVC_Handler
                0x08000440                TS_IRQHandler
                0x08000440                WWDG_IRQHandler
                0x08000440                TIM2_IRQHandler
                0x08000440                DMA1_Channel2_3_IRQHandler
                0x08000440                USART2_IRQHandler
                0x08000440                FLASH_IRQHandler
                0x08000440                USART1_IRQHandler
                0x08000440                TIM1_BRK_UP_TRG_COM_IRQHandler
 *fill*         0x08000442        0x2 00
 .text.LCD_Update
                0x08000444       0x54 ..\obj\hd44780.o
                0x08000444                LCD_Update
 .text.LCD_Init
                0x08000498       0xb8 ..\obj\hd44780.o
                0x08000498                LCD_Init
 .text.LCD_Position
                0x08000550       0x24 ..\obj\hd44780.o
                0x08000550                LCD_Position
 .text.LCD_Clear
                0x08000574       0x10 ..\obj\hd44780.o
                0x08000574                LCD_Clear
 .text.LCD_ClearRow
                0x08000584       0x24 ..\obj\hd44780.o
                0x08000584                LCD_ClearRow
 .text.LCD_Putc
                0x080005a8       0x1c ..\obj\hd44780.o
                0x080005a8                LCD_Putc
 .text.LCD_Puts
                0x080005c4       0x60 ..\obj\hd44780.o
                0x080005c4                LCD_Puts
 .text.LCD_SendTextToDevice
                0x08000624       0xa0 ..\obj\hd44780.o
 .text.LCD_SendData
                0x080006c4       0x90 ..\obj\hd44780.o
 .text.LCD_SendCommand
                0x08000754       0x84 ..\obj\hd44780.o
 .text.LCD_ReadFlag
                0x080007d8       0x64 ..\obj\hd44780.o
 .text.LCD_DataOut
                0x0800083c       0x3c ..\obj\hd44780.o
 .text.LCD_DataIn
                0x08000878       0x34 ..\obj\hd44780.o
 .text.LCD_Write
                0x080008ac       0xc8 ..\obj\hd44780.o
 .text.LCD_Read
                0x08000974       0xb8 ..\obj\hd44780.o
 .text.NVIC_EnableIRQ
                0x08000a2c       0x2c ..\obj\menu.o
 .text.NVIC_DisableIRQ
                0x08000a58       0x30 ..\obj\menu.o
 .text.NVIC_ClearPendingIRQ
                0x08000a88       0x34 ..\obj\menu.o
 .text.KeyEvent
                0x08000abc       0x50 ..\obj\menu.o
                0x08000abc                KeyEvent
 .text.EXTI0_1_IRQHandler
                0x08000b0c       0x38 ..\obj\menu.o
                0x08000b0c                EXTI0_1_IRQHandler
 .text.GPIO_Init
                0x08000b44      0x13c ..\obj\stm32f0xx_gpio.o
                0x08000b44                GPIO_Init
 .text.GPIO_ReadInputDataBit
                0x08000c80       0x48 ..\obj\stm32f0xx_gpio.o
                0x08000c80                GPIO_ReadInputDataBit
 .text.GPIO_SetBits
                0x08000cc8       0x1c ..\obj\stm32f0xx_gpio.o
                0x08000cc8                GPIO_SetBits
 .text.GPIO_ResetBits
                0x08000ce4       0x1c ..\obj\stm32f0xx_gpio.o
                0x08000ce4                GPIO_ResetBits
 .text.SystemInit
                0x08000d00       0x94 ..\obj\system_stm32f0xx.o
                0x08000d00                SystemInit
 .text.SetSysClock
                0x08000d94       0xe8 ..\obj\system_stm32f0xx.o
 .text.EXTI_Init
                0x08000e7c       0xe4 ..\obj\stm32f0xx_exti.o
                0x08000e7c                EXTI_Init
 .text.EXTI_GetFlagStatus
                0x08000f60       0x40 ..\obj\stm32f0xx_exti.o
                0x08000f60                EXTI_GetFlagStatus
 .text.EXTI_ClearFlag
                0x08000fa0       0x18 ..\obj\stm32f0xx_exti.o
                0x08000fa0                EXTI_ClearFlag
 .text.SYSCFG_EXTILineConfig
                0x08000fb8       0x94 ..\obj\stm32f0xx_syscfg.o
                0x08000fb8                SYSCFG_EXTILineConfig
 .text.STM_EVAL_LEDInit
                0x0800104c       0x78 ..\obj\stm32f0_discovery.o
                0x0800104c                STM_EVAL_LEDInit
 .text.STM_EVAL_LEDToggle
                0x080010c4       0x44 ..\obj\stm32f0_discovery.o
                0x080010c4                STM_EVAL_LEDToggle
 .text.STM_EVAL_PBInit
                0x08001108      0x120 ..\obj\stm32f0_discovery.o
                0x08001108                STM_EVAL_PBInit
 .text.NVIC_Init
                0x08001228       0xac ..\obj\stm32f0xx_misc.o
                0x08001228                NVIC_Init
 .text          0x080012d4       0xc0 c:/program files (x86)/gnu tools arm embedded/4.6 2012q2/bin/../lib/gcc/arm-none-eabi/4.6.2/armv6-m\libgcc.a(_divsi3.o)
                0x080012d4                __divsi3
                0x080012d4                __aeabi_idiv
                0x08001380                __aeabi_idivmod
 .text          0x08001394        0x4 c:/program files (x86)/gnu tools arm embedded/4.6 2012q2/bin/../lib/gcc/arm-none-eabi/4.6.2/armv6-m\libgcc.a(_dvmd_tls.o)
                0x08001394                __aeabi_idiv0
                0x08001394                __aeabi_ldiv0
 *(.glue_7t)
 .glue_7t       0x00000000        0x0 linker stubs
 *(.glue_7)
 .glue_7        0x00000000        0x0 linker stubs
 *(.rodata .rodata* .gnu.linkonce.r.*)
 .rodata        0x08001398       0x20 ..\obj\main.o
 .rodata        0x080013b8        0x4 ..\obj\hd44780.o
 .rodata        0x080013bc       0x20 ..\obj\stm32f0_discovery.o
                0x080013bc                GPIO_CLK
                0x080013c4                BUTTON_PIN
                0x080013c8                BUTTON_CLK
                0x080013cc                BUTTON_EXTI_LINE
                0x080013d0                BUTTON_PORT_SOURCE
                0x080013d4                BUTTON_PIN_SOURCE
                0x080013d8                BUTTON_IRQn

.vfp11_veneer   0x080013dc        0x0
 .vfp11_veneer  0x00000000        0x0 linker stubs

.v4_bx          0x080013dc        0x0
 .v4_bx         0x00000000        0x0 linker stubs

.ARM.extab
 *(.ARM.extab* .gnu.linkonce.armextab.*)
                0x080013dc                __exidx_start = .

.ARM.exidx
 *(.ARM.exidx* .gnu.linkonce.armexidx.*)
                0x080013dc                __exidx_end = .
                0x080013dc                . = ALIGN (0x4)
                0x080013dc                _etext = .
                0x080013dc                _sidata = .

.data           0x20000000       0x18 load address 0x080013dc
                0x20000000                _sdata = .
 *(.data .data.*)
 .data          0x20000000        0x8 ..\obj\main.o
                0x20000000                tekst
 .data          0x20000008       0x10 ..\obj\stm32f0_discovery.o
                0x20000008                GPIO_PORT
                0x20000010                GPIO_PIN
                0x20000014                BUTTON_PORT
                0x20000018                . = ALIGN (0x4)
                0x20000018                _edata = .

.bss            0x20000018       0x2c load address 0x080013f4
                0x20000018                _sbss = .
 *(.bss .bss.*)
 .bss           0x20000018        0x4 ..\obj\common.o
 .bss           0x2000001c        0x1 ..\obj\main.o
 *fill*         0x2000001d        0x3 00
 .bss           0x20000020       0x10 ..\obj\hd44780.o
 .bss           0x20000030        0x8 ..\obj\menu.o
 *(COMMON)
 COMMON         0x20000038        0x4 ..\obj\common.o
                0x20000038                sysTicks
 COMMON         0x2000003c        0x4 ..\obj\main.o
                0x2000003c                timer
 COMMON         0x20000040        0x4 ..\obj\hd44780.o
                0x20000040                LCD_UpdateTimer
                0x20000044                . = ALIGN (0x4)
                0x20000044                _ebss = .

.co_stack       0x20000044        0x4 load address 0x08001420
                0x20000048                . = ALIGN (0x8)
 *fill*         0x20000044        0x4 00
 *(.co_stack .co_stack.*)
                0x20000048                . = ALIGN (0x4)
                0x20000048                _end = .
LOAD ..\obj\string.o
LOAD ..\obj\stm32f0xx_rcc.o
LOAD ..\obj\common.o
LOAD ..\obj\main.o
LOAD ..\obj\startup_stm32f0xx.o
LOAD ..\obj\menu_txt.o
LOAD ..\obj\hd44780.o
LOAD ..\obj\stdio.o
LOAD ..\obj\menu.o
LOAD ..\obj\stm32f0xx_gpio.o
LOAD ..\obj\system_stm32f0xx.o
LOAD ..\obj\stm32f0xx_exti.o
LOAD ..\obj\stm32f0xx_syscfg.o
LOAD ..\obj\stm32f0_discovery.o
LOAD ..\obj\stm32f0xx_misc.o
LOAD ..\obj\core_cm0.o
START GROUP
LOAD c:/program files (x86)/gnu tools arm embedded/4.6 2012q2/bin/../lib/gcc/arm-none-eabi/4.6.2/armv6-m\libgcc.a
LOAD c:/program files (x86)/gnu tools arm embedded/4.6 2012q2/bin/../lib/gcc/arm-none-eabi/4.6.2/../../../../arm-none-eabi/lib/armv6-m\libg.a
LOAD c:/program files (x86)/gnu tools arm embedded/4.6 2012q2/bin/../lib/gcc/arm-none-eabi/4.6.2/../../../../arm-none-eabi/lib/armv6-m\libc.a
END GROUP
OUTPUT(STM32_LCD.elf elf32-littlearm)

.debug_info     0x00000000     0x3c34
 .debug_info    0x00000000      0x1c9 ..\obj\string.o
 .debug_info    0x000001c9      0xa35 ..\obj\stm32f0xx_rcc.o
 .debug_info    0x00000bfe      0x5bb ..\obj\common.o
 .debug_info    0x000011b9      0x181 ..\obj\main.o
 .debug_info    0x0000133a       0x95 ..\obj\startup_stm32f0xx.o
 .debug_info    0x000013cf       0xa5 ..\obj\menu_txt.o
 .debug_info    0x00001474      0x62e ..\obj\hd44780.o
 .debug_info    0x00001aa2       0xf9 ..\obj\stdio.o
 .debug_info    0x00001b9b      0x395 ..\obj\menu.o
 .debug_info    0x00001f30      0x604 ..\obj\stm32f0xx_gpio.o
 .debug_info    0x00002534      0x329 ..\obj\system_stm32f0xx.o
 .debug_info    0x0000285d      0x33d ..\obj\stm32f0xx_exti.o
 .debug_info    0x00002b9a      0x2b1 ..\obj\stm32f0xx_syscfg.o
 .debug_info    0x00002e4b      0x7b5 ..\obj\stm32f0_discovery.o
 .debug_info    0x00003600      0x391 ..\obj\stm32f0xx_misc.o
 .debug_info    0x00003991      0x2a3 ..\obj\core_cm0.o

.debug_abbrev   0x00000000     0x1170
 .debug_abbrev  0x00000000       0xc5 ..\obj\string.o
 .debug_abbrev  0x000000c5      0x1bf ..\obj\stm32f0xx_rcc.o
 .debug_abbrev  0x00000284      0x18d ..\obj\common.o
 .debug_abbrev  0x00000411       0xcc ..\obj\main.o
 .debug_abbrev  0x000004dd       0x12 ..\obj\startup_stm32f0xx.o
 .debug_abbrev  0x000004ef       0x94 ..\obj\menu_txt.o
 .debug_abbrev  0x00000583      0x1e5 ..\obj\hd44780.o
 .debug_abbrev  0x00000768       0xa7 ..\obj\stdio.o
 .debug_abbrev  0x0000080f       0xf7 ..\obj\menu.o
 .debug_abbrev  0x00000906      0x16a ..\obj\stm32f0xx_gpio.o
 .debug_abbrev  0x00000a70      0x13e ..\obj\system_stm32f0xx.o
 .debug_abbrev  0x00000bae      0x178 ..\obj\stm32f0xx_exti.o
 .debug_abbrev  0x00000d26      0x12e ..\obj\stm32f0xx_syscfg.o
 .debug_abbrev  0x00000e54      0x158 ..\obj\stm32f0_discovery.o
 .debug_abbrev  0x00000fac       0xf8 ..\obj\stm32f0xx_misc.o
 .debug_abbrev  0x000010a4       0xcc ..\obj\core_cm0.o

.debug_loc      0x00000000     0x1a34
 .debug_loc     0x00000000       0xe0 ..\obj\string.o
 .debug_loc     0x000000e0      0x864 ..\obj\stm32f0xx_rcc.o
 .debug_loc     0x00000944      0x144 ..\obj\common.o
 .debug_loc     0x00000a88       0x58 ..\obj\main.o
 .debug_loc     0x00000ae0       0x38 ..\obj\menu_txt.o
 .debug_loc     0x00000b18      0x388 ..\obj\hd44780.o
 .debug_loc     0x00000ea0       0x38 ..\obj\stdio.o
 .debug_loc     0x00000ed8      0x100 ..\obj\menu.o
 .debug_loc     0x00000fd8      0x2d8 ..\obj\stm32f0xx_gpio.o
 .debug_loc     0x000012b0       0x9c ..\obj\system_stm32f0xx.o
 .debug_loc     0x0000134c      0x1b4 ..\obj\stm32f0xx_exti.o
 .debug_loc     0x00001500      0x1b4 ..\obj\stm32f0xx_syscfg.o
 .debug_loc     0x000016b4      0x150 ..\obj\stm32f0_discovery.o
 .debug_loc     0x00001804       0xa8 ..\obj\stm32f0xx_misc.o
 .debug_loc     0x000018ac      0x188 ..\obj\core_cm0.o

.debug_aranges  0x00000000      0x588
 .debug_aranges
                0x00000000       0x38 ..\obj\string.o
 .debug_aranges
                0x00000038      0x150 ..\obj\stm32f0xx_rcc.o
 .debug_aranges
                0x00000188       0x48 ..\obj\common.o
 .debug_aranges
                0x000001d0       0x28 ..\obj\main.o
 .debug_aranges
                0x000001f8       0x28 ..\obj\startup_stm32f0xx.o
 .debug_aranges
                0x00000220       0x20 ..\obj\menu_txt.o
 .debug_aranges
                0x00000240       0xa0 ..\obj\hd44780.o
 .debug_aranges
                0x000002e0       0x20 ..\obj\stdio.o
 .debug_aranges
                0x00000300       0x40 ..\obj\menu.o
 .debug_aranges
                0x00000340       0x80 ..\obj\stm32f0xx_gpio.o
 .debug_aranges
                0x000003c0       0x30 ..\obj\system_stm32f0xx.o
 .debug_aranges
                0x000003f0       0x58 ..\obj\stm32f0xx_exti.o
 .debug_aranges
                0x00000448       0x58 ..\obj\stm32f0xx_syscfg.o
 .debug_aranges
                0x000004a0       0x48 ..\obj\stm32f0_discovery.o
 .debug_aranges
                0x000004e8       0x30 ..\obj\stm32f0xx_misc.o
 .debug_aranges
                0x00000518       0x70 ..\obj\core_cm0.o

.debug_ranges   0x00000000      0x490
 .debug_ranges  0x00000000       0x28 ..\obj\string.o
 .debug_ranges  0x00000028      0x140 ..\obj\stm32f0xx_rcc.o
 .debug_ranges  0x00000168       0x38 ..\obj\common.o
 .debug_ranges  0x000001a0       0x18 ..\obj\main.o
 .debug_ranges  0x000001b8       0x20 ..\obj\startup_stm32f0xx.o
 .debug_ranges  0x000001d8       0x10 ..\obj\menu_txt.o
 .debug_ranges  0x000001e8       0x90 ..\obj\hd44780.o
 .debug_ranges  0x00000278       0x10 ..\obj\stdio.o
 .debug_ranges  0x00000288       0x30 ..\obj\menu.o
 .debug_ranges  0x000002b8       0x70 ..\obj\stm32f0xx_gpio.o
 .debug_ranges  0x00000328       0x20 ..\obj\system_stm32f0xx.o
 .debug_ranges  0x00000348       0x48 ..\obj\stm32f0xx_exti.o
 .debug_ranges  0x00000390       0x48 ..\obj\stm32f0xx_syscfg.o
 .debug_ranges  0x000003d8       0x38 ..\obj\stm32f0_discovery.o
 .debug_ranges  0x00000410       0x20 ..\obj\stm32f0xx_misc.o
 .debug_ranges  0x00000430       0x60 ..\obj\core_cm0.o

.debug_line     0x00000000     0x1eaa
 .debug_line    0x00000000      0x156 ..\obj\string.o
 .debug_line    0x00000156      0x4ab ..\obj\stm32f0xx_rcc.o
 .debug_line    0x00000601      0x202 ..\obj\common.o
 .debug_line    0x00000803      0x17b ..\obj\main.o
 .debug_line    0x0000097e       0x97 ..\obj\startup_stm32f0xx.o
 .debug_line    0x00000a15       0x89 ..\obj\menu_txt.o
 .debug_line    0x00000a9e      0x34b ..\obj\hd44780.o
 .debug_line    0x00000de9      0x102 ..\obj\stdio.o
 .debug_line    0x00000eeb      0x212 ..\obj\menu.o
 .debug_line    0x000010fd      0x286 ..\obj\stm32f0xx_gpio.o
 .debug_line    0x00001383      0x1ad ..\obj\system_stm32f0xx.o
 .debug_line    0x00001530      0x20a ..\obj\stm32f0xx_exti.o
 .debug_line    0x0000173a      0x1bf ..\obj\stm32f0xx_syscfg.o
 .debug_line    0x000018f9      0x236 ..\obj\stm32f0_discovery.o
 .debug_line    0x00001b2f      0x1c8 ..\obj\stm32f0xx_misc.o
 .debug_line    0x00001cf7      0x1b3 ..\obj\core_cm0.o

.debug_str      0x00000000     0x16fc
 .debug_str     0x00000000       0xfa ..\obj\string.o
                                0x133 (size before relaxing)
 .debug_str     0x000000fa      0x595 ..\obj\stm32f0xx_rcc.o
                                0x6b5 (size before relaxing)
 .debug_str     0x0000068f      0x32f ..\obj\common.o
                                0x422 (size before relaxing)
 .debug_str     0x000009be       0x86 ..\obj\main.o
                                0x169 (size before relaxing)
 .debug_str     0x00000a44       0x64 ..\obj\menu_txt.o
                                 0xbf (size before relaxing)
 .debug_str     0x00000aa8      0x2d7 ..\obj\hd44780.o
                                0x450 (size before relaxing)
 .debug_str     0x00000d7f       0x3a ..\obj\stdio.o
                                0x11b (size before relaxing)
 .debug_str     0x00000db9       0xa5 ..\obj\menu.o
                                0x3b1 (size before relaxing)
 .debug_str     0x00000e5e      0x169 ..\obj\stm32f0xx_gpio.o
                                0x41c (size before relaxing)
 .debug_str     0x00000fc7       0x9a ..\obj\system_stm32f0xx.o
                                0x226 (size before relaxing)
 .debug_str     0x00001061      0x1c8 ..\obj\stm32f0xx_exti.o
                                0x2e1 (size before relaxing)
 .debug_str     0x00001229      0x186 ..\obj\stm32f0xx_syscfg.o
                                0x2b6 (size before relaxing)
 .debug_str     0x000013af      0x1c9 ..\obj\stm32f0_discovery.o
                                0x73c (size before relaxing)
 .debug_str     0x00001578       0xa9 ..\obj\stm32f0xx_misc.o
                                0x296 (size before relaxing)
 .debug_str     0x00001621       0xdb ..\obj\core_cm0.o
                                0x1d1 (size before relaxing)

.comment        0x00000000       0x70
 .comment       0x00000000       0x70 ..\obj\string.o
                                 0x71 (size before relaxing)
 .comment       0x00000000       0x71 ..\obj\stm32f0xx_rcc.o
 .comment       0x00000000       0x71 ..\obj\common.o
 .comment       0x00000000       0x71 ..\obj\main.o
 .comment       0x00000000       0x71 ..\obj\menu_txt.o
 .comment       0x00000000       0x71 ..\obj\hd44780.o
 .comment       0x00000000       0x71 ..\obj\stdio.o
 .comment       0x00000000       0x71 ..\obj\menu.o
 .comment       0x00000000       0x71 ..\obj\stm32f0xx_gpio.o
 .comment       0x00000000       0x71 ..\obj\system_stm32f0xx.o
 .comment       0x00000000       0x71 ..\obj\stm32f0xx_exti.o
 .comment       0x00000000       0x71 ..\obj\stm32f0xx_syscfg.o
 .comment       0x00000000       0x71 ..\obj\stm32f0_discovery.o
 .comment       0x00000000       0x71 ..\obj\stm32f0xx_misc.o
 .comment       0x00000000       0x71 ..\obj\core_cm0.o

.ARM.attributes
                0x00000000       0x2f
 .ARM.attributes
                0x00000000       0x31 ..\obj\string.o
 .ARM.attributes
                0x00000031       0x31 ..\obj\stm32f0xx_rcc.o
 .ARM.attributes
                0x00000062       0x31 ..\obj\common.o
 .ARM.attributes
                0x00000093       0x31 ..\obj\main.o
 .ARM.attributes
                0x000000c4       0x21 ..\obj\startup_stm32f0xx.o
 .ARM.attributes
                0x000000e5       0x31 ..\obj\menu_txt.o
 .ARM.attributes
                0x00000116       0x31 ..\obj\hd44780.o
 .ARM.attributes
                0x00000147       0x31 ..\obj\stdio.o
 .ARM.attributes
                0x00000178       0x31 ..\obj\menu.o
 .ARM.attributes
                0x000001a9       0x31 ..\obj\stm32f0xx_gpio.o
 .ARM.attributes
                0x000001da       0x31 ..\obj\system_stm32f0xx.o
 .ARM.attributes
                0x0000020b       0x31 ..\obj\stm32f0xx_exti.o
 .ARM.attributes
                0x0000023c       0x31 ..\obj\stm32f0xx_syscfg.o
 .ARM.attributes
                0x0000026d       0x31 ..\obj\stm32f0_discovery.o
 .ARM.attributes
                0x0000029e       0x31 ..\obj\stm32f0xx_misc.o
 .ARM.attributes
                0x000002cf       0x31 ..\obj\core_cm0.o
 .ARM.attributes
                0x00000300       0x1e c:/program files (x86)/gnu tools arm embedded/4.6 2012q2/bin/../lib/gcc/arm-none-eabi/4.6.2/armv6-m\libgcc.a(_udivsi3.o)
 .ARM.attributes
                0x0000031e       0x1e c:/program files (x86)/gnu tools arm embedded/4.6 2012q2/bin/../lib/gcc/arm-none-eabi/4.6.2/armv6-m\libgcc.a(_divsi3.o)
 .ARM.attributes
                0x0000033c       0x1e c:/program files (x86)/gnu tools arm embedded/4.6 2012q2/bin/../lib/gcc/arm-none-eabi/4.6.2/armv6-m\libgcc.a(_dvmd_tls.o)

.debug_frame    0x00000000     0x109c
 .debug_frame   0x00000000       0x90 ..\obj\string.o
 .debug_frame   0x00000090      0x4e4 ..\obj\stm32f0xx_rcc.o
 .debug_frame   0x00000574       0xd0 ..\obj\common.o
 .debug_frame   0x00000644       0x48 ..\obj\main.o
 .debug_frame   0x0000068c       0x30 ..\obj\menu_txt.o
 .debug_frame   0x000006bc      0x220 ..\obj\hd44780.o
 .debug_frame   0x000008dc       0x30 ..\obj\stdio.o
 .debug_frame   0x0000090c       0xa8 ..\obj\menu.o
 .debug_frame   0x000009b4      0x1b0 ..\obj\stm32f0xx_gpio.o
 .debug_frame   0x00000b64       0x6c ..\obj\system_stm32f0xx.o
 .debug_frame   0x00000bd0      0x10c ..\obj\stm32f0xx_exti.o
 .debug_frame   0x00000cdc      0x110 ..\obj\stm32f0xx_syscfg.o
 .debug_frame   0x00000dec       0xd0 ..\obj\stm32f0_discovery.o
 .debug_frame   0x00000ebc       0x70 ..\obj\stm32f0xx_misc.o
 .debug_frame   0x00000f2c      0x130 ..\obj\core_cm0.o
 .debug_frame   0x0000105c       0x20 c:/program files (x86)/gnu tools arm embedded/4.6 2012q2/bin/../lib/gcc/arm-none-eabi/4.6.2/armv6-m\libgcc.a(_udivsi3.o)
 .debug_frame   0x0000107c       0x20 c:/program files (x86)/gnu tools arm embedded/4.6 2012q2/bin/../lib/gcc/arm-none-eabi/4.6.2/armv6-m\libgcc.a(_divsi3.o)
